[index/tf/html/vicodin-preview/vicodin/index.html]
[backblue.gif]
[fade.gif]
[index.html]
[index/tf/html/vicodin-preview/vicodin/img/favicon.png]
[index/tf/html/vicodin-preview/vicodin/css/font-icons.css]
[index/tf/html/vicodin-preview/vicodin/css/plugins.css]
[index/tf/html/vicodin-preview/vicodin/css/responsive.css]
[index/tf/html/vicodin-preview/vicodin/css/style.css]
[index/tf/html/vicodin-preview/vicodin/locations.html]
[index/tf/html/vicodin-preview/vicodin/img/logo.png]
[index/tf/html/vicodin-preview/vicodin/img/home-demos/home-1.jpg]
[index/tf/html/vicodin-preview/vicodin/index-2.html]
[index/tf/html/vicodin-preview/vicodin/img/home-demos/home-2.jpg]
[index/tf/html/vicodin-preview/vicodin/index-3.html]
[index/tf/html/vicodin-preview/vicodin/img/home-demos/home-3.jpg]
[index/tf/html/vicodin-preview/vicodin/about.html]
[index/tf/html/vicodin-preview/vicodin/service.html]
[index/tf/html/vicodin-preview/vicodin/service-details.html]
[index/tf/html/vicodin-preview/vicodin/portfolio.html]
[index/tf/html/vicodin-preview/vicodin/portfolio-2.html]
[index/tf/html/vicodin-preview/vicodin/portfolio-details.html]
[index/tf/html/vicodin-preview/vicodin/team.html]
[index/tf/html/vicodin-preview/vicodin/team-details.html]
[index/tf/html/vicodin-preview/vicodin/faq.html]
[index/tf/html/vicodin-preview/vicodin/shop.php]
[index/tf/html/vicodin-preview/vicodin/shop-grid.html]
[index/tf/html/vicodin-preview/vicodin/shop-left-sidebar.html]
[index/tf/html/vicodin-preview/vicodin/shop-right-sidebar.html]
[index/tf/html/vicodin-preview/vicodin/product-details.html]
[index/tf/html/vicodin-preview/vicodin/cart.html]
[index/tf/html/vicodin-preview/vicodin/wishlist.html]
[index/tf/html/vicodin-preview/vicodin/checkout.html]
[index/tf/html/vicodin-preview/vicodin/order-tracking.html]
[index/tf/html/vicodin-preview/vicodin/account.html]
[index/tf/html/vicodin-preview/vicodin/login.html]
[index/tf/html/vicodin-preview/vicodin/register.html]
[index/tf/html/vicodin-preview/vicodin/blog.html]
[index/tf/html/vicodin-preview/vicodin/blog-grid.html]
[index/tf/html/vicodin-preview/vicodin/blog-left-sidebar.html]
[index/tf/html/vicodin-preview/vicodin/blog-right-sidebar.html]
[index/tf/html/vicodin-preview/vicodin/blog-details.html]
[index/tf/html/vicodin-preview/vicodin/history.html]
[index/tf/html/vicodin-preview/vicodin/contact.html]
[index/tf/html/vicodin-preview/vicodin/404.html]
[index/tf/html/vicodin-preview/vicodin/coming-soon.html]
[index/tf/html/vicodin-preview/vicodin/img/banner/menu-banner-1.png]
[index/tf/html/vicodin-preview/vicodin/img/product/1.png]
[index/tf/html/vicodin-preview/vicodin/img/product/2.png]
[index/tf/html/vicodin-preview/vicodin/img/product/3.png]
[index/tf/html/vicodin-preview/vicodin/img/product/4.png]
[index/tf/html/vicodin-preview/vicodin/add-listing.html]
[index/tf/html/vicodin-preview/vicodin/img/slider/13.jpg]
[index/tf/html/vicodin-preview/vicodin/img/slider/11.jpg]
[index/tf/html/vicodin-preview/vicodin/img/slider/12.jpg]
[index/tf/html/vicodin-preview/vicodin/img/others/9.png]
[index/tf/html/vicodin-preview/vicodin/img/blog/author.jpg]
[index/tf/html/vicodin-preview/vicodin/img/banner/1.jpg]
[index/tf/html/vicodin-preview/vicodin/img/banner/2.jpg]
[index/tf/html/vicodin-preview/vicodin/img/banner/3.jpg]
[index/tf/html/vicodin-preview/vicodin/img/banner/11.jpg]
[index/tf/html/vicodin-preview/vicodin/img/banner/12.jpg]
[index/tf/html/vicodin-preview/vicodin/img/product/5.png]
[index/tf/html/vicodin-preview/vicodin/img/product/6.png]
[index/tf/html/vicodin-preview/vicodin/img/bg/25.jpg]
[index/tf/html/vicodin-preview/vicodin/img/product-2/1.png]
[index/tf/html/vicodin-preview/vicodin/img/product-2/2.png]
[index/tf/html/vicodin-preview/vicodin/img/product-2/3.png]
[index/tf/html/vicodin-preview/vicodin/img/product-2/4.png]
[index/tf/html/vicodin-preview/vicodin/img/product-2/5.png]
[index/tf/html/vicodin-preview/vicodin/img/product-2/6.png]
[index/tf/html/vicodin-preview/vicodin/img/product-2/7.png]
[index/tf/html/vicodin-preview/vicodin/img/product-2/8.png]
[index/tf/html/vicodin-preview/vicodin/img/bg/26.jpg]
[index/tf/html/vicodin-preview/vicodin/img/banner/23.jpg]
[index/tf/html/vicodin-preview/vicodin/img/banner/22.jpg]
[index/tf/html/vicodin-preview/vicodin/img/banner/21.jpg]
[index/tf/html/vicodin-preview/vicodin/img/icons/svg/8-trolley.svg]
[index/tf/html/vicodin-preview/vicodin/img/icons/svg/9-money.svg]
[index/tf/html/vicodin-preview/vicodin/img/icons/svg/10-credit-card.svg]
[index/tf/html/vicodin-preview/vicodin/img/icons/svg/11-gift-card.svg]
[index/tf/html/vicodin-preview/vicodin/img/blog/1.jpg]
[index/tf/html/vicodin-preview/vicodin/img/blog/2.jpg]
[index/tf/html/vicodin-preview/vicodin/img/blog/3.jpg]
[index/tf/html/vicodin-preview/vicodin/img/blog/4.jpg]
[index/tf/html/vicodin-preview/vicodin/img/blog/5.jpg]
[index/tf/html/vicodin-preview/vicodin/img/brand-logo/1.png]
[index/tf/html/vicodin-preview/vicodin/img/brand-logo/2.png]
[index/tf/html/vicodin-preview/vicodin/img/brand-logo/3.png]
[index/tf/html/vicodin-preview/vicodin/img/brand-logo/4.png]
[index/tf/html/vicodin-preview/vicodin/img/brand-logo/5.png]
[index/tf/html/vicodin-preview/vicodin/img/banner/13.jpg]
[index/tf/html/vicodin-preview/vicodin/img/product/7.png]
[index/tf/html/vicodin-preview/vicodin/img/product/8.png]
[index/tf/html/vicodin-preview/vicodin/img/icons/payment-4.png]
[index/tf/html/vicodin-preview/vicodin/img/icons/payment.png]
[index/tf/html/vicodin-preview/vicodin/js/main.js]
[index/tf/html/vicodin-preview/vicodin/index.html]
[index/tf/html/vicodin-preview/vicodin/js/plugins.js]
[index/tf/html/vicodin-preview/vicodin/webfonts/fa-brands-400.eot]
[index/tf/html/vicodin-preview/vicodin/webfonts/fa-brands-400d41d.eot]
[index/tf/html/vicodin-preview/vicodin/webfonts/fa-brands-400.woff2]
[index/tf/html/vicodin-preview/vicodin/webfonts/fa-brands-400.woff]
[index/tf/html/vicodin-preview/vicodin/webfonts/fa-brands-400.ttf]
[index/tf/html/vicodin-preview/vicodin/webfonts/fa-regular-400.eot]
[index/tf/html/vicodin-preview/vicodin/webfonts/fa-brands-400.svg]
[index/tf/html/vicodin-preview/vicodin/webfonts/fa-regular-400d41d.eot]
[index/tf/html/vicodin-preview/vicodin/webfonts/fa-regular-400.woff2]
[index/tf/html/vicodin-preview/vicodin/webfonts/fa-regular-400.woff]
[index/tf/html/vicodin-preview/vicodin/webfonts/fa-regular-400.ttf]
[index/tf/html/vicodin-preview/vicodin/webfonts/fa-regular-400.svg]
[index/tf/html/vicodin-preview/vicodin/webfonts/fa-solid-900.eot]
[index/tf/html/vicodin-preview/vicodin/webfonts/fa-solid-900d41d.eot]
[index/tf/html/vicodin-preview/vicodin/webfonts/fa-solid-900.woff2]
[index/tf/html/vicodin-preview/vicodin/webfonts/fa-solid-900.woff]
[index/tf/html/vicodin-preview/vicodin/webfonts/fa-solid-900.ttf]
[index/tf/html/vicodin-preview/vicodin/fonts/flaticon4a47.ttf]
[index/tf/html/vicodin-preview/vicodin/webfonts/fa-solid-900.svg]
[index/tf/html/vicodin-preview/vicodin/fonts/flaticon4a47.woff]
[index/tf/html/vicodin-preview/vicodin/fonts/flaticon4a47.woff2]
[index/tf/html/vicodin-preview/vicodin/fonts/flaticon4a47.eot]
[index/tf/html/vicodin-preview/vicodin/fonts/flaticon4a47.svg]
[index/tf/html/vicodin-preview/vicodin/fonts/icomoon7d2d.eot]
[index/tf/html/vicodin-preview/vicodin/fonts/icomoon7d2d.ttf]
[index/tf/html/vicodin-preview/vicodin/fonts/icomoon7d2d.woff]
[index/tf/html/vicodin-preview/vicodin/css/font-icons.css]
[index/tf/html/vicodin-preview/vicodin/fonts/icomoon7d2d.svg]
[index/tf/html/vicodin-preview/vicodin/fonts/lightcaseeead.eot]
[index/tf/html/vicodin-preview/vicodin/fonts/lightcaseeead.woff]
[index/tf/html/vicodin-preview/vicodin/fonts/lightcaseeead.ttf]
[index/tf/html/vicodin-preview/vicodin/fonts/lightcaseeead.svg]
[index/tf/html/vicodin-preview/vicodin/css/images/ui-bg_inset-hard_100_fcfdfd_1x100.png]
[index/tf/html/vicodin-preview/vicodin/css/images/ui-bg_gloss-wave_55_5c9ccc_500x100.png]
[index/tf/html/vicodin-preview/vicodin/css/images/ui-bg_glass_85_dfeffc_1x400.png]
[index/tf/html/vicodin-preview/vicodin/css/images/ui-bg_glass_75_d0e5f5_1x400.png]
[index/tf/html/vicodin-preview/vicodin/css/images/ui-bg_inset-hard_100_f5f8f9_1x100.png]
[index/tf/html/vicodin-preview/vicodin/css/images/ui-bg_glass_95_fef1ec_1x400.png]
[index/tf/html/vicodin-preview/vicodin/css/images/ui-icons_469bdd_256x240.png]
[index/tf/html/vicodin-preview/vicodin/css/images/ui-icons_d8e7f3_256x240.png]
[index/tf/html/vicodin-preview/vicodin/css/images/ui-icons_6da8d5_256x240.png]
[index/tf/html/vicodin-preview/vicodin/css/images/ui-icons_217bc0_256x240.png]
[index/tf/html/vicodin-preview/vicodin/css/images/ui-icons_f9bd01_256x240.png]
[index/tf/html/vicodin-preview/vicodin/css/images/ui-icons_2e83ff_256x240.png]
[index/tf/html/vicodin-preview/vicodin/css/images/ui-icons_cd0a0a_256x240.png]
[index/tf/html/vicodin-preview/vicodin/css/plugins.css]
[index/tf/html/vicodin-preview/vicodin/img/effect/1.png]
[index/tf/html/vicodin-preview/vicodin/img/effect/2.png]
[index/tf/html/vicodin-preview/vicodin/img/effect/3.png]
[index/tf/html/vicodin-preview/vicodin/img/effect/4.png]
[index/tf/html/vicodin-preview/vicodin/img/effect/5.png]
[index/tf/html/vicodin-preview/vicodin/img/effect/6.png]
[index/tf/html/vicodin-preview/vicodin/img/slider/1.jpg]
[index/tf/html/vicodin-preview/vicodin/img/slider/2.jpg]
[index/tf/html/vicodin-preview/vicodin/img/bg/21.jpg]
[index/tf/html/vicodin-preview/vicodin/img/others/1.png]
[index/tf/html/vicodin-preview/vicodin/img/icons/car.png]
[index/tf/html/vicodin-preview/vicodin/css/style.css]
[index/tf/html/vicodin-preview/vicodin/css/responsive.css]
[index/tf/html/vicodin-preview/vicodin/img/logo-3.png]
[index/tf/html/vicodin-preview/vicodin/img/bg/14.jpg]
[index/tf/html/vicodin-preview/vicodin/appointment.html]
[index/tf/html/vicodin-preview/vicodin/img/logo-2.png]
[index/tf/html/vicodin-preview/vicodin/js/maplace-active.js]
[index/tf/html/vicodin-preview/vicodin/locations.html]
[index/tf/html/vicodin-preview/vicodin/img/slider/71.jpg]
[index/tf/html/vicodin-preview/vicodin/img/slider/62.jpg]
[index/tf/html/vicodin-preview/vicodin/img/banner/17.jpg]
[index/tf/html/vicodin-preview/vicodin/img/banner/18.jpg]
[index/tf/html/vicodin-preview/vicodin/img/product/9.png]
[index/tf/html/vicodin-preview/vicodin/index-2.html]
[index/tf/html/vicodin-preview/vicodin/img/slider/61.jpg]
[index/tf/html/vicodin-preview/vicodin/img/product-2/11.png]
[index/tf/html/vicodin-preview/vicodin/img/product-2/12.png]
[index/tf/html/vicodin-preview/vicodin/img/product-2/10.png]
[index/tf/html/vicodin-preview/vicodin/img/product-2/9.png]
[index/tf/html/vicodin-preview/vicodin/img/bg/27.jpg]
[index/tf/html/vicodin-preview/vicodin/img/bg/15.jpg]
[index/tf/html/vicodin-preview/vicodin/img/testimonial/6.jpg]
[index/tf/html/vicodin-preview/vicodin/img/testimonial/7.jpg]
[index/tf/html/vicodin-preview/vicodin/img/testimonial/1.jpg]
[index/tf/html/vicodin-preview/vicodin/img/testimonial/2.jpg]
[index/tf/html/vicodin-preview/vicodin/img/testimonial/5.jpg]
[index/tf/html/vicodin-preview/vicodin/index-3.html]
[index/tf/html/vicodin-preview/vicodin/img/icons/icon-img/24.png]
[index/tf/html/vicodin-preview/vicodin/img/icons/icon-img/25.png]
[index/tf/html/vicodin-preview/vicodin/img/icons/icon-img/26.png]
[index/tf/html/vicodin-preview/vicodin/img/icons/icon-img/27.png]
[index/tf/html/vicodin-preview/vicodin/img/bg/30.jpg]
[index/tf/html/vicodin-preview/vicodin/img/team/4.jpg]
[index/tf/html/vicodin-preview/vicodin/img/team/2.jpg]
[index/tf/html/vicodin-preview/vicodin/img/team/5.jpg]
[index/tf/html/vicodin-preview/vicodin/img/bg/17.jpg]
[index/tf/html/vicodin-preview/vicodin/img/others/100.jpg]
[index/tf/html/vicodin-preview/vicodin/about.html]
[index/tf/html/vicodin-preview/vicodin/img/service/11.jpg]
[index/tf/html/vicodin-preview/vicodin/service.html]
[index/tf/html/vicodin-preview/vicodin/img/service/21.jpg]
[index/tf/html/vicodin-preview/vicodin/img/service/31.jpg]
[index/tf/html/vicodin-preview/vicodin/img/service/32.jpg]
[index/tf/html/vicodin-preview/vicodin/img/banner/banner-1.jpg]
[index/tf/html/vicodin-preview/vicodin/service-details.html]
[index/tf/html/vicodin-preview/vicodin/img/gallery/1.jpg]
[index/tf/html/vicodin-preview/vicodin/img/gallery/2.jpg]
[index/tf/html/vicodin-preview/vicodin/img/gallery/3.jpg]
[index/tf/html/vicodin-preview/vicodin/img/gallery/4.jpg]
[index/tf/html/vicodin-preview/vicodin/media/1.mp4]
[index/tf/html/vicodin-preview/vicodin/img/gallery/5.jpg]
[index/tf/html/vicodin-preview/vicodin/img/gallery/6.jpg]
[index/tf/html/vicodin-preview/vicodin/img/gallery/7.jpg]
[index/tf/html/vicodin-preview/vicodin/img/gallery/no-image.jpg]
[index/tf/html/vicodin-preview/vicodin/img/gallery/8.jpg]
[index/tf/html/vicodin-preview/vicodin/img/gallery/9.jpg]
[index/tf/html/vicodin-preview/vicodin/img/gallery/10.jpg]
[index/tf/html/vicodin-preview/vicodin/img/bg/6.jpg]
[index/tf/html/vicodin-preview/vicodin/img/bg/11.png]
[index/tf/html/vicodin-preview/vicodin/portfolio.html]
[index/tf/html/vicodin-preview/vicodin/portfolio-2.html]
[index/tf/html/vicodin-preview/vicodin/img/service/22.jpg]
[index/tf/html/vicodin-preview/vicodin/img/blog/7.jpg]
[index/tf/html/vicodin-preview/vicodin/img/blog/8.jpg]
[index/tf/html/vicodin-preview/vicodin/img/service/33.jpg]
[index/tf/html/vicodin-preview/vicodin/img/service/34.jpg]
[index/tf/html/vicodin-preview/vicodin/img/banner/banner-2.jpg]
[index/tf/html/vicodin-preview/vicodin/portfolio-details.html]
[index/tf/html/vicodin-preview/vicodin/img/team/3.jpg]
[index/tf/html/vicodin-preview/vicodin/img/team/1.jpg]
[index/tf/html/vicodin-preview/vicodin/img/team/6.jpg]
[index/tf/html/vicodin-preview/vicodin/team.html]
[index/tf/html/vicodin-preview/vicodin/team-details.html]
[index/tf/html/vicodin-preview/vicodin/img/banner/banner-3.jpg]
[index/tf/html/vicodin-preview/vicodin/faq.html]
[index/tf/html/vicodin-preview/vicodin/img/product/10.png]
[index/tf/html/vicodin-preview/vicodin/img/product/11.png]
[index/tf/html/vicodin-preview/vicodin/img/product/12.png]
[index/tf/html/vicodin-preview/vicodin/shop.php]
[index/tf/html/vicodin-preview/vicodin/shop-grid.html]
[index/tf/html/vicodin-preview/vicodin/shop-left-sidebar.html]
[index/tf/html/vicodin-preview/vicodin/shop-right-sidebar.html]
[index/tf/html/vicodin-preview/vicodin/img/icons/payment-2.png]
[index/tf/html/vicodin-preview/vicodin/img/testimonial/3.jpg]
[index/tf/html/vicodin-preview/vicodin/product-details.html]
[index/tf/html/vicodin-preview/vicodin/cart.html]
[index/tf/html/vicodin-preview/vicodin/wishlist.html]
[index/tf/html/vicodin-preview/vicodin/img/icons/payment-3.png]
[index/tf/html/vicodin-preview/vicodin/checkout.html]
[index/tf/html/vicodin-preview/vicodin/order-tracking.html]
[index/tf/html/vicodin-preview/vicodin/login-register.html]
[index/tf/html/vicodin-preview/vicodin/account.html]
[index/tf/html/vicodin-preview/vicodin/login.html]
[index/tf/html/vicodin-preview/vicodin/register.html]
[index/tf/html/vicodin-preview/vicodin/img/blog/31.jpg]
[index/tf/html/vicodin-preview/vicodin/img/blog/32.jpg]
[index/tf/html/vicodin-preview/vicodin/img/blog/33.jpg]
[index/tf/html/vicodin-preview/vicodin/img/blog/34.jpg]
[index/tf/html/vicodin-preview/vicodin/img/team/7.jpg]
[index/tf/html/vicodin-preview/vicodin/img/team/8.jpg]
[index/tf/html/vicodin-preview/vicodin/blog.html]
[index/tf/html/vicodin-preview/vicodin/img/blog/6.jpg]
[index/tf/html/vicodin-preview/vicodin/blog-grid.html]
[index/tf/html/vicodin-preview/vicodin/blog-left-sidebar.html]
[index/tf/html/vicodin-preview/vicodin/blog-right-sidebar.html]
[index/tf/html/vicodin-preview/vicodin/img/blog/35.jpg]
[index/tf/html/vicodin-preview/vicodin/img/blog/blog-details/1.jpg]
[index/tf/html/vicodin-preview/vicodin/img/blog/blog-details/11.jpg]
[index/tf/html/vicodin-preview/vicodin/img/blog/blog-details/12.jpg]
[index/tf/html/vicodin-preview/vicodin/img/testimonial/4.jpg]
[index/tf/html/vicodin-preview/vicodin/blog-details.html]
[index/tf/html/vicodin-preview/vicodin/img/img-slide/12.jpg]
[index/tf/html/vicodin-preview/vicodin/img/img-slide/11.jpg]
[index/tf/html/vicodin-preview/vicodin/img/img-slide/13.jpg]
[index/tf/html/vicodin-preview/vicodin/img/bg/13.jpg]
[index/tf/html/vicodin-preview/vicodin/history.html]
[index/tf/html/vicodin-preview/vicodin/img/icons/10.png]
[index/tf/html/vicodin-preview/vicodin/img/icons/11.png]
[index/tf/html/vicodin-preview/vicodin/img/icons/12.png]
[index/tf/html/vicodin-preview/vicodin/js/contact.js]
[index/tf/html/vicodin-preview/vicodin/contact.html]
[index/tf/html/vicodin-preview/vicodin/img/others/error-1.png]
[index/tf/html/vicodin-preview/vicodin/404.html]
[index/tf/html/vicodin-preview/vicodin/coming-soon.html]
[index/tf/html/vicodin-preview/vicodin/add-listing.html]
[index/tf/html/vicodin-preview/vicodin/img/icons/svg/8-trolley.svg]
[index/tf/html/vicodin-preview/vicodin/img/icons/svg/9-money.svg]
[index/tf/html/vicodin-preview/vicodin/img/icons/svg/10-credit-card.svg]
[index/tf/html/vicodin-preview/vicodin/img/icons/svg/11-gift-card.svg]
[index/tf/html/vicodin-preview/vicodin/webfonts/fa-brands-400.svg]
[index/tf/html/vicodin-preview/vicodin/webfonts/fa-regular-400.svg]
[index/tf/html/vicodin-preview/vicodin/webfonts/fa-solid-900.svg]
[index/tf/html/vicodin-preview/vicodin/fonts/flaticon4a47.svg]
[index/tf/html/vicodin-preview/vicodin/fonts/icomoon7d2d.svg]
[index/tf/html/vicodin-preview/vicodin/fonts/lightcaseeead.svg]
[index/tf/html/vicodin-preview/vicodin/css/images/ui-bg_inset-hard_100_fcfdfd_1x100.html]
[index/tf/html/vicodin-preview/vicodin/css/images/ui-bg_gloss-wave_55_5c9ccc_500x100.html]
[index/tf/html/vicodin-preview/vicodin/css/images/ui-bg_glass_85_dfeffc_1x400.html]
[index/tf/html/vicodin-preview/vicodin/css/images/ui-bg_glass_75_d0e5f5_1x400.html]
[index/tf/html/vicodin-preview/vicodin/css/images/ui-bg_inset-hard_100_f5f8f9_1x100.html]
[index/tf/html/vicodin-preview/vicodin/css/images/ui-bg_glass_95_fef1ec_1x400.html]
[index/tf/html/vicodin-preview/vicodin/css/images/ui-icons_469bdd_256x240.html]
[index/tf/html/vicodin-preview/vicodin/css/images/ui-icons_d8e7f3_256x240.html]
[index/tf/html/vicodin-preview/vicodin/css/images/ui-icons_6da8d5_256x240.html]
[index/tf/html/vicodin-preview/vicodin/css/images/ui-icons_217bc0_256x240.html]
[index/tf/html/vicodin-preview/vicodin/css/images/ui-icons_f9bd01_256x240.html]
[index/tf/html/vicodin-preview/vicodin/css/images/ui-icons_2e83ff_256x240.html]
[index/tf/html/vicodin-preview/vicodin/css/images/ui-icons_cd0a0a_256x240.html]
[index/tf/html/vicodin-preview/vicodin/appointment.html]
[index/tf/html/vicodin-preview/vicodin/img/gallery/no-image.html]
[index/tf/html/vicodin-preview/vicodin/login-register.html]
